<?xml version="1.0" encoding="UTF-8"?>
<testsuites tests="4" failures="0" disabled="0" errors="0" time="0.047" timestamp="2025-04-10T22:32:18.856" name="AllTests">
  <testsuite name="EgoVehicleEstimationTest" tests="4" failures="0" disabled="0" skipped="0" errors="0" time="0.03" timestamp="2025-04-10T22:32:18.864">
    <testcase name="CoordinateFixedTest" file="C:\Projects\GoogleTestProject\ego_vehicle_estimation_test.cpp" line="41" status="run" result="completed" time="0." timestamp="2025-04-10T22:32:18.870" classname="EgoVehicleEstimationTest" />
    <testcase name="NormalSensorUpdateTest" file="C:\Projects\GoogleTestProject\ego_vehicle_estimation_test.cpp" line="69" status="run" result="completed" time="0." timestamp="2025-04-10T22:32:18.876" classname="EgoVehicleEstimationTest" />
    <testcase name="GPSUpdateDisabledTest" file="C:\Projects\GoogleTestProject\ego_vehicle_estimation_test.cpp" line="99" status="run" result="completed" time="0." timestamp="2025-04-10T22:32:18.884" classname="EgoVehicleEstimationTest" />
    <testcase name="SensorSpikeHandlingTest" file="C:\Projects\GoogleTestProject\ego_vehicle_estimation_test.cpp" line="126" status="run" result="completed" time="0." timestamp="2025-04-10T22:32:18.891" classname="EgoVehicleEstimationTest" />
  </testsuite>
</testsuites>
